// Jest Snapshot v1, https://goo.gl/fbAQLP

exports[`validation.expectedFieldGotDictionary provides a correct message 1`] = `
"Instead of the expected field 'languages' a dictionary with this name was found.

   Line | Content
 >    1 | languages:
 >    2 | eno = eno notation
 >    3 | yaml = yaml ain't markup language
"
`;

exports[`validation.expectedFieldGotDictionary provides correct selection metadata 1`] = `
Array [
  Array [
    0,
    0,
  ],
  Array [
    2,
    33,
  ],
]
`;
