// Jest Snapshot v1, https://goo.gl/fbAQLP

exports[`validation.expectedSectionGotField provides a correct message 1`] = `
"Instead of the expected section 'languages' a field with this name was found.

   Line | Content
 >    1 | languages:
 >    2 | | eno (eno notation)
 >    3 | | json (javascript object notation)
 >    4 | | yaml (yaml ain't markup language)
"
`;

exports[`validation.expectedSectionGotField provides correct selection metadata 1`] = `
Array [
  Array [
    0,
    0,
  ],
  Array [
    3,
    35,
  ],
]
`;
