// Jest Snapshot v1, https://goo.gl/fbAQLP

exports[`validation.expectedSectionsGotList provides a correct message 1`] = `
"Only sections with the name 'languages' were expected, but a list with this name was found.

   Line | Content
 >    1 | languages:
 >    2 | - eno (eno notation)
 >    3 | - json (javascript object notation)
 >    4 | - yaml (yaml ain't markup language)
"
`;

exports[`validation.expectedSectionsGotList provides correct selection metadata 1`] = `
Array [
  Array [
    0,
    0,
  ],
  Array [
    3,
    35,
  ],
]
`;
