// Jest Snapshot v1, https://goo.gl/fbAQLP

exports[`validation.expectedFieldsGotSection provides a correct message 1`] = `
"Only fields with the name 'language' were expected, but a section with this name was found.

   Line | Content
 >    1 | # language
 >    2 | eno: eno notation
 >    3 | 
      4 | # language
      5 | json: javascript object notation
"
`;

exports[`validation.expectedFieldsGotSection provides correct selection metadata 1`] = `
Array [
  Array [
    0,
    0,
  ],
  Array [
    2,
    0,
  ],
]
`;
