// Jest Snapshot v1, https://goo.gl/fbAQLP

exports[`validation.expectedSectionsGotEmpty provides a correct message 1`] = `
"Only sections with the name 'languages' were expected, but an empty element with this name was found.

   Line | Content
 >    1 | languages:
"
`;

exports[`validation.expectedSectionsGotEmpty provides correct selection metadata 1`] = `
Array [
  Array [
    0,
    0,
  ],
  Array [
    0,
    10,
  ],
]
`;
