// Jest Snapshot v1, https://goo.gl/fbAQLP

exports[`validation.missingFieldsetEntry via Fieldset element provides a correct message 1`] = `
"The fieldset entry 'presence' is missing - in case it has been specified look for typos and also check for correct capitalization.

   Line | Content
 >    1 | emptyness:
"
`;

exports[`validation.missingFieldsetEntry via Fieldset element provides correct selection metadata 1`] = `
Array [
  Array [
    0,
    10,
  ],
  Array [
    0,
    10,
  ],
]
`;

exports[`validation.missingFieldsetEntry via Fieldset entry provides a correct message 1`] = `
"The fieldset entry 'presence' is missing - in case it has been specified look for typos and also check for correct capitalization.

   Line | Content
 >    1 | emptyness:
"
`;

exports[`validation.missingFieldsetEntry via Fieldset entry provides correct selection metadata 1`] = `
Array [
  Array [
    0,
    10,
  ],
  Array [
    0,
    10,
  ],
]
`;
