// Jest Snapshot v1, https://goo.gl/fbAQLP

exports[`analysis.fieldAppendInList provides the correct message 1`] = `
"Line 3 contains an appendix (to a field) inside a list.

   Line | Content
 *    1 | languages:
 *    2 | - eno
 >    3 | | json
"
`;
