// Jest Snapshot v1, https://goo.gl/fbAQLP

exports[`resolution.copyingBlockIntoSection provides the correct message 1`] = `
"In line 5 a block is copied into a section.

   Line | Content
   ...
      3 | -- original
      4 | 
 >    5 | # copy < original
"
`;
