// Jest Snapshot v1, https://goo.gl/fbAQLP

exports[`Terminal reporter produces colored terminal output 1`] = `
"[1m   Line | Content[0m
[33m *    1 | > comment[0m
[41m >    2 | language: eno[0m
      3 | 
      4 | 
[1m   ...[0m
"
`;
